// Jest Snapshot v1, https://goo.gl/fbAQLP

exports[`CitiesList correctly renders 1`] = `
<ul
  className="locations__list tabs__list"
>
  <li
    className="locations__item"
  >
    <a
      className="locations__item-link tabs__item null"
      href="#"
      onClick={[Function]}
    >
      <span>
        Test
      </span>
    </a>
  </li>
  <li
    className="locations__item"
  >
    <a
      className="locations__item-link tabs__item null"
      href="#"
      onClick={[Function]}
    >
      <span>
        Test Test
      </span>
    </a>
  </li>
</ul>
`;
