// Jest Snapshot v1, https://goo.gl/fbAQLP

exports[`Rating correctly renders 1`] = `
<div
  className="rating "
>
  <div
    className="rating__stars "
  >
    <span
      style={
        Object {
          "width": "80%",
        }
      }
    />
    <span
      className="visually-hidden"
    >
      Rating
    </span>
  </div>
</div>
`;
