// Jest Snapshot v1, https://goo.gl/fbAQLP

exports[`PageTemplate correctly renders 1`] = `
<Context.Provider
  value={
    Object {
      "history": Object {
        "action": "POP",
        "block": [Function],
        "createHref": [Function],
        "go": [Function],
        "goBack": [Function],
        "goForward": [Function],
        "length": 1,
        "listen": [Function],
        "location": Object {
          "hash": "",
          "pathname": "/",
          "search": "",
          "state": undefined,
        },
        "push": [Function],
        "replace": [Function],
      },
      "location": Object {
        "hash": "",
        "pathname": "/",
        "search": "",
        "state": undefined,
      },
      "match": Object {
        "isExact": true,
        "params": Object {},
        "path": "/",
        "url": "/",
      },
      "staticContext": undefined,
    }
  }
>
  <PageTemplate
    isAuthorizationRequired={false}
    user={
      Object {
        "avatar": "",
        "email": "test@test.com",
        "id": 1,
        "isPro": false,
        "name": "Test",
      }
    }
  />
</Context.Provider>
`;
